// Jest Snapshot v1, https://goo.gl/fbAQLP

exports[`common/Icon renders 1`] = `
<DocumentFragment>
  <svg
    height="12px"
    style="display: inline-block; vertical-align: middle; margin: 0px; transform: translateY(-1px);"
    title="default"
    viewBox="0 0 100 100"
    width="12px"
  >
    <path
      class="icon-default"
      d="M81.2,12.5c3.8,0,6.2,2.5,6.2,6.2v62.5c0,3.8-2.5,6.2-6.2,6.2H18.8c-3.7,0-6.2-2.5-6.2-6.2V18.8 c0-3.7,2.5-6.2,6.2-6.2H81.2 M81.2,0H18.8C8.1,0,0,8.1,0,18.8v62.5C0,91.9,8.1,100,18.8,100h62.5c10.6,0,18.8-8.1,18.8-18.8V18.8 C100,8.1,91.9,0,81.2,0L81.2,0z M35.3,31.1v-7.6c0-2.5-2-4.5-4.5-4.5h-7.6c-2.5,0-4.5,2-4.5,4.5v7.6c0,2.5,2,4.5,4.5,4.5h7.6 C33.3,35.7,35.3,33.6,35.3,31.1z M58.3,31.1v-7.6c0-2.5-2-4.5-4.5-4.5h-7.6c-2.5,0-4.5,2-4.5,4.5v7.6c0,2.5,2,4.5,4.5,4.5h7.6 C56.3,35.7,58.3,33.6,58.3,31.1z M81.3,31.1v-7.6c0-2.5-2-4.5-4.5-4.5h-7.6c-2.5,0-4.5,2-4.5,4.5v7.6c0,2.5,2,4.5,4.5,4.5h7.6 C79.3,35.7,81.3,33.6,81.3,31.1z M35.3,53.8v-7.6c0-2.5-2-4.5-4.5-4.5h-7.6c-2.5,0-4.5,2-4.5,4.5v7.6c0,2.5,2,4.5,4.5,4.5h7.6 C33.3,58.3,35.3,56.3,35.3,53.8z M58.3,53.8v-7.6c0-2.5-2-4.5-4.5-4.5h-7.6c-2.5,0-4.5,2-4.5,4.5v7.6c0,2.5,2,4.5,4.5,4.5h7.6 C56.3,58.3,58.3,56.3,58.3,53.8z M81.3,53.8v-7.6c0-2.5-2-4.5-4.5-4.5h-7.6c-2.5,0-4.5,2-4.5,4.5v7.6c0,2.5,2,4.5,4.5,4.5h7.6 C79.3,58.3,81.3,56.3,81.3,53.8z M35.3,76.5v-7.6c0-2.5-2-4.5-4.5-4.5h-7.6c-2.5,0-4.5,2-4.5,4.5v7.6c0,2.5,2,4.5,4.5,4.5h7.6 C33.3,81,35.3,79,35.3,76.5z M58.3,76.5v-7.6c0-2.5-2-4.5-4.5-4.5h-7.6c-2.5,0-4.5,2-4.5,4.5v7.6c0,2.5,2,4.5,4.5,4.5h7.6 C56.3,81,58.3,79,58.3,76.5z M81.3,76.5v-7.6c0-2.5-2-4.5-4.5-4.5h-7.6c-2.5,0-4.5,2-4.5,4.5v7.6c0,2.5,2,4.5,4.5,4.5h7.6 C79.3,81,81.3,79,81.3,76.5z"
      data-testid="icon-path"
      style="fill: #000000;"
    >
      <title>
        default
      </title>
    </path>
  </svg>
</DocumentFragment>
`;
